

================================================================
== Vitis HLS Report for 'sha256_acc_Pipeline_VITIS_LOOP_15_1'
================================================================
* Date:           Tue Jan 27 00:56:54 2026

* Version:        2022.2 (Build 3670227 on Oct 13 2022)
* Project:        Blockchain_hardware_accelratoin
* Solution:       solution1 (Vivado IP Flow Target)
* Product family: zynq
* Target device:  xc7z020-clg400-1


================================================================
== Performance Estimates
================================================================
+ Timing: 
    * Summary: 
    +--------+----------+----------+------------+
    |  Clock |  Target  | Estimated| Uncertainty|
    +--------+----------+----------+------------+
    |ap_clk  |  15.00 ns|  3.368 ns|     4.05 ns|
    +--------+----------+----------+------------+

+ Latency: 
    * Summary: 
    +---------+---------+----------+----------+-----+-----+---------+
    |  Latency (cycles) |  Latency (absolute) |  Interval | Pipeline|
    |   min   |   max   |    min   |    max   | min | max |   Type  |
    +---------+---------+----------+----------+-----+-----+---------+
    |       18|       18|  0.270 us|  0.270 us|   18|   18|       no|
    +---------+---------+----------+----------+-----+-----+---------+

    + Detail: 
        * Instance: 
        N/A

        * Loop: 
        +-------------------+---------+---------+----------+-----------+-----------+------+----------+
        |                   |  Latency (cycles) | Iteration|  Initiation Interval  | Trip |          |
        |     Loop Name     |   min   |   max   |  Latency |  achieved |   target  | Count| Pipelined|
        +-------------------+---------+---------+----------+-----------+-----------+------+----------+
        |- VITIS_LOOP_15_1  |       16|       16|         1|          1|          1|    16|       yes|
        +-------------------+---------+---------+----------+-----------+-----------+------+----------+



================================================================
== Utilization Estimates
================================================================
* Summary: 
+-----------------+---------+-----+--------+-------+-----+
|       Name      | BRAM_18K| DSP |   FF   |  LUT  | URAM|
+-----------------+---------+-----+--------+-------+-----+
|DSP              |        -|    -|       -|      -|    -|
|Expression       |        -|    -|       0|     27|    -|
|FIFO             |        -|    -|       -|      -|    -|
|Instance         |        -|    -|       -|      -|    -|
|Memory           |        -|    -|       -|      -|    -|
|Multiplexer      |        -|    -|       -|     36|    -|
|Register         |        -|    -|     519|      -|    -|
+-----------------+---------+-----+--------+-------+-----+
|Total            |        0|    0|     519|     63|    0|
+-----------------+---------+-----+--------+-------+-----+
|Available        |      280|  220|  106400|  53200|    0|
+-----------------+---------+-----+--------+-------+-----+
|Utilization (%)  |        0|    0|      ~0|     ~0|    0|
+-----------------+---------+-----+--------+-------+-----+

+ Detail: 
    * Instance: 
    N/A

    * DSP: 
    N/A

    * Memory: 
    N/A

    * FIFO: 
    N/A

    * Expression: 
    +----------------------------------+----------+----+---+----+------------+------------+
    |           Variable Name          | Operation| DSP| FF| LUT| Bitwidth P0| Bitwidth P1|
    +----------------------------------+----------+----+---+----+------------+------------+
    |add_ln15_fu_298_p2                |         +|   0|  0|  13|           5|           1|
    |ap_condition_249                  |       and|   0|  0|   2|           1|           1|
    |icmp_ln15_fu_292_p2               |      icmp|   0|  0|  10|           5|           6|
    |ap_block_state1_pp0_stage0_iter0  |        or|   0|  0|   2|           1|           1|
    +----------------------------------+----------+----+---+----+------------+------------+
    |Total                             |          |   0|  0|  27|          12|           9|
    +----------------------------------+----------+----+---+----+------------+------------+

    * Multiplexer: 
    +-----------------------+----+-----------+-----+-----------+
    |          Name         | LUT| Input Size| Bits| Total Bits|
    +-----------------------+----+-----------+-----+-----------+
    |ap_done_int            |   9|          2|    1|          2|
    |ap_sig_allocacmp_i_2   |   9|          2|    5|         10|
    |i_fu_98                |   9|          2|    5|         10|
    |in_stream_TDATA_blk_n  |   9|          2|    1|          2|
    +-----------------------+----+-----------+-----+-----------+
    |Total                  |  36|          8|   12|         24|
    +-----------------------+----+-----------+-----+-----------+

    * Register: 
    +---------------+----+----+-----+-----------+
    |      Name     | FF | LUT| Bits| Const Bits|
    +---------------+----+----+-----+-----------+
    |ap_CS_fsm      |   1|   0|    1|          0|
    |ap_done_reg    |   1|   0|    1|          0|
    |i_fu_98        |   5|   0|    5|          0|
    |w_V_10_fu_142  |  32|   0|   32|          0|
    |w_V_11_fu_146  |  32|   0|   32|          0|
    |w_V_12_fu_150  |  32|   0|   32|          0|
    |w_V_13_fu_154  |  32|   0|   32|          0|
    |w_V_14_fu_158  |  32|   0|   32|          0|
    |w_V_15_fu_162  |  32|   0|   32|          0|
    |w_V_1_fu_106   |  32|   0|   32|          0|
    |w_V_2_fu_110   |  32|   0|   32|          0|
    |w_V_3_fu_114   |  32|   0|   32|          0|
    |w_V_4_fu_118   |  32|   0|   32|          0|
    |w_V_5_fu_122   |  32|   0|   32|          0|
    |w_V_6_fu_126   |  32|   0|   32|          0|
    |w_V_7_fu_130   |  32|   0|   32|          0|
    |w_V_8_fu_134   |  32|   0|   32|          0|
    |w_V_9_fu_138   |  32|   0|   32|          0|
    |w_V_fu_102     |  32|   0|   32|          0|
    +---------------+----+----+-----+-----------+
    |Total          | 519|   0|  519|          0|
    +---------------+----+----+-----+-----------+



================================================================
== Interface
================================================================
* Summary: 
+-------------------+-----+-----+------------+-------------------------------------+--------------+
|     RTL Ports     | Dir | Bits|  Protocol  |            Source Object            |    C Type    |
+-------------------+-----+-----+------------+-------------------------------------+--------------+
|ap_clk             |   in|    1|  ap_ctrl_hs|  sha256_acc_Pipeline_VITIS_LOOP_15_1|  return value|
|ap_rst             |   in|    1|  ap_ctrl_hs|  sha256_acc_Pipeline_VITIS_LOOP_15_1|  return value|
|ap_start           |   in|    1|  ap_ctrl_hs|  sha256_acc_Pipeline_VITIS_LOOP_15_1|  return value|
|ap_done            |  out|    1|  ap_ctrl_hs|  sha256_acc_Pipeline_VITIS_LOOP_15_1|  return value|
|ap_idle            |  out|    1|  ap_ctrl_hs|  sha256_acc_Pipeline_VITIS_LOOP_15_1|  return value|
|ap_ready           |  out|    1|  ap_ctrl_hs|  sha256_acc_Pipeline_VITIS_LOOP_15_1|  return value|
|in_stream_TVALID   |   in|    1|        axis|                            in_stream|       pointer|
|in_stream_TDATA    |   in|   32|        axis|                            in_stream|       pointer|
|in_stream_TREADY   |  out|    1|        axis|                            in_stream|       pointer|
|w_V_15_out         |  out|   32|      ap_vld|                           w_V_15_out|       pointer|
|w_V_15_out_ap_vld  |  out|    1|      ap_vld|                           w_V_15_out|       pointer|
|w_V_14_out         |  out|   32|      ap_vld|                           w_V_14_out|       pointer|
|w_V_14_out_ap_vld  |  out|    1|      ap_vld|                           w_V_14_out|       pointer|
|w_V_13_out         |  out|   32|      ap_vld|                           w_V_13_out|       pointer|
|w_V_13_out_ap_vld  |  out|    1|      ap_vld|                           w_V_13_out|       pointer|
|w_V_12_out         |  out|   32|      ap_vld|                           w_V_12_out|       pointer|
|w_V_12_out_ap_vld  |  out|    1|      ap_vld|                           w_V_12_out|       pointer|
|w_V_11_out         |  out|   32|      ap_vld|                           w_V_11_out|       pointer|
|w_V_11_out_ap_vld  |  out|    1|      ap_vld|                           w_V_11_out|       pointer|
|w_V_10_out         |  out|   32|      ap_vld|                           w_V_10_out|       pointer|
|w_V_10_out_ap_vld  |  out|    1|      ap_vld|                           w_V_10_out|       pointer|
|w_V_9_out          |  out|   32|      ap_vld|                            w_V_9_out|       pointer|
|w_V_9_out_ap_vld   |  out|    1|      ap_vld|                            w_V_9_out|       pointer|
|w_V_8_out          |  out|   32|      ap_vld|                            w_V_8_out|       pointer|
|w_V_8_out_ap_vld   |  out|    1|      ap_vld|                            w_V_8_out|       pointer|
|w_V_7_out          |  out|   32|      ap_vld|                            w_V_7_out|       pointer|
|w_V_7_out_ap_vld   |  out|    1|      ap_vld|                            w_V_7_out|       pointer|
|w_V_6_out          |  out|   32|      ap_vld|                            w_V_6_out|       pointer|
|w_V_6_out_ap_vld   |  out|    1|      ap_vld|                            w_V_6_out|       pointer|
|w_V_5_out          |  out|   32|      ap_vld|                            w_V_5_out|       pointer|
|w_V_5_out_ap_vld   |  out|    1|      ap_vld|                            w_V_5_out|       pointer|
|w_V_4_out          |  out|   32|      ap_vld|                            w_V_4_out|       pointer|
|w_V_4_out_ap_vld   |  out|    1|      ap_vld|                            w_V_4_out|       pointer|
|w_V_3_out          |  out|   32|      ap_vld|                            w_V_3_out|       pointer|
|w_V_3_out_ap_vld   |  out|    1|      ap_vld|                            w_V_3_out|       pointer|
|w_V_2_out          |  out|   32|      ap_vld|                            w_V_2_out|       pointer|
|w_V_2_out_ap_vld   |  out|    1|      ap_vld|                            w_V_2_out|       pointer|
|w_V_1_out          |  out|   32|      ap_vld|                            w_V_1_out|       pointer|
|w_V_1_out_ap_vld   |  out|    1|      ap_vld|                            w_V_1_out|       pointer|
|w_V_out            |  out|   32|      ap_vld|                              w_V_out|       pointer|
|w_V_out_ap_vld     |  out|    1|      ap_vld|                              w_V_out|       pointer|
+-------------------+-----+-----+------------+-------------------------------------+--------------+

